/*C1*/SET SCHEMA SYSTEM_LOBS
INSERT INTO BLOCKS VALUES(0,2147483647,0)
COMMIT
/*C2*/SET SCHEMA PUBLIC
create table Alunos(\u000ara int,\u000anome varchar(50),\u000adataNascimento date,\u000arenda decimal(15,2),\u000aprimary key(ra)\u000a)
INSERT INTO ALUNOS VALUES(222,'Jo\u00e3o','2002-02-15',6000.00)
COMMIT
INSERT INTO ALUNOS VALUES(333,'Pedro','2005-04-30',6500.00)
COMMIT
INSERT INTO ALUNOS VALUES(545,'Maria','2001-05-26',8000.00)
COMMIT
INSERT INTO ALUNOS VALUES(452,'Joaquina','2008-01-04',2500.00)
COMMIT
DELETE FROM ALUNOS WHERE RA=222
DELETE FROM ALUNOS WHERE RA=333
DELETE FROM ALUNOS WHERE RA=452
DELETE FROM ALUNOS WHERE RA=545
INSERT INTO ALUNOS VALUES(222,'Jo\u00e3o','2002-02-15',6300.00)
INSERT INTO ALUNOS VALUES(333,'Pedro','2005-04-30',6825.00)
INSERT INTO ALUNOS VALUES(452,'Joaquina','2008-01-04',2625.00)
INSERT INTO ALUNOS VALUES(545,'Maria','2001-05-26',8400.00)
COMMIT
Create table Funcionarios(\u000a\u000aRe int,\u000aNome Varchar(50),\u000aDataDeNascimento date,\u000aSalario Decimal\u000a)
INSERT INTO FUNCIONARIOS VALUES(544,'Lucas','2022-04-25',4)
COMMIT
INSERT INTO FUNCIONARIOS VALUES(244,'Gustavo','2022-04-25',6)
COMMIT
INSERT INTO FUNCIONARIOS VALUES(222,'Jose','2020-02-10',1)
COMMIT
INSERT INTO FUNCIONARIOS VALUES(842,'Fernanda','2002-01-05',8)
COMMIT
INSERT INTO FUNCIONARIOS VALUES(554,'Souza','2001-06-30',7)
COMMIT
INSERT INTO FUNCIONARIOS VALUES(544,'Lucas','2022-04-25',4500)
COMMIT
INSERT INTO FUNCIONARIOS VALUES(244,'Gustavo','2022-04-25',6500)
COMMIT
INSERT INTO FUNCIONARIOS VALUES(222,'Jose','2020-02-10',1500)
COMMIT
INSERT INTO FUNCIONARIOS VALUES(842,'Fernanda','2002-01-05',8500)
COMMIT
INSERT INTO FUNCIONARIOS VALUES(554,'Souza','2001-06-30',7500)
COMMIT
DELETE FROM FUNCIONARIOS WHERE RE=244 AND NOME='Gustavo' AND DATADENASCIMENTO='2022-04-25' AND SALARIO=6
DELETE FROM FUNCIONARIOS WHERE RE=222 AND NOME='Jose' AND DATADENASCIMENTO='2020-02-10' AND SALARIO=1
DELETE FROM FUNCIONARIOS WHERE RE=842 AND NOME='Fernanda' AND DATADENASCIMENTO='2002-01-05' AND SALARIO=8
DELETE FROM FUNCIONARIOS WHERE RE=554 AND NOME='Souza' AND DATADENASCIMENTO='2001-06-30' AND SALARIO=7
DELETE FROM FUNCIONARIOS WHERE RE=244 AND NOME='Gustavo' AND DATADENASCIMENTO='2022-04-25' AND SALARIO=6500
DELETE FROM FUNCIONARIOS WHERE RE=222 AND NOME='Jose' AND DATADENASCIMENTO='2020-02-10' AND SALARIO=1500
DELETE FROM FUNCIONARIOS WHERE RE=842 AND NOME='Fernanda' AND DATADENASCIMENTO='2002-01-05' AND SALARIO=8500
DELETE FROM FUNCIONARIOS WHERE RE=554 AND NOME='Souza' AND DATADENASCIMENTO='2001-06-30' AND SALARIO=7500
COMMIT
DELETE FROM FUNCIONARIOS WHERE RE=544 AND NOME='Lucas' AND DATADENASCIMENTO='2022-04-25' AND SALARIO=4
DELETE FROM FUNCIONARIOS WHERE RE=544 AND NOME='Lucas' AND DATADENASCIMENTO='2022-04-25' AND SALARIO=4500
COMMIT
Drop table Funcionarios
Create table Funcionarios(\u000a\u000aRe int,\u000aNome Varchar(50),\u000aDataDeNascimento date,\u000aSalario Decimal,\u000aprimary key(re)\u000a)
INSERT INTO FUNCIONARIOS VALUES(544,'Lucas','2022-04-25',4500)
COMMIT
INSERT INTO FUNCIONARIOS VALUES(244,'Gustavo','2022-04-25',6500)
COMMIT
INSERT INTO FUNCIONARIOS VALUES(222,'Jose','2020-02-10',1500)
COMMIT
INSERT INTO FUNCIONARIOS VALUES(842,'Fernanda','2002-01-05',8500)
COMMIT
INSERT INTO FUNCIONARIOS VALUES(554,'Souza','2001-06-30',7500)
COMMIT
DELETE FROM FUNCIONARIOS WHERE RE=222
DELETE FROM FUNCIONARIOS WHERE RE=244
DELETE FROM FUNCIONARIOS WHERE RE=544
DELETE FROM FUNCIONARIOS WHERE RE=554
DELETE FROM FUNCIONARIOS WHERE RE=842
INSERT INTO FUNCIONARIOS VALUES(222,'Jose','2020-02-10',1575)
INSERT INTO FUNCIONARIOS VALUES(244,'Gustavo','2022-04-25',6825)
INSERT INTO FUNCIONARIOS VALUES(544,'Lucas','2022-04-25',4725)
INSERT INTO FUNCIONARIOS VALUES(554,'Souza','2001-06-30',7875)
INSERT INTO FUNCIONARIOS VALUES(842,'Fernanda','2002-01-05',8925)
COMMIT
